# teleport-update
[Unit]
Description=Teleport update service

[Service]
Type=oneshot
ExecStart=/usr/local/bin/teleport-update update
